nothing to commit, working tree clean

bjornaa@pc5629 MINGW64 ~/Desktop/planets (master)
$ git log
commit e17453ab3941c95af2199baa5375edbd768e0b94 (HEAD -> master)
Author: Bjorn Aarseth <b.b.aarseth@its.uio.no>
Date:   Wed Sep 12 11:24:37 2018 +0200

    minor changes in .gitignore

commit a550e29cc04e5cef56b90e67ad427fbbc7fd9f3b
Author: Bjorn Aarseth <b.b.aarseth@its.uio.no>
Date:   Wed Sep 12 11:22:21 2018 +0200

    Igoring files added

commit a94e98105fb83e50dca0f031bf2283e54aefcbaf
Author: Bjorn Aarseth <b.b.aarseth@its.uio.no>
Date:   Wed Sep 12 

commit 4faa7d4626359b98547a1cf99f5f43224fc5b822
Author: Bjorn Aarseth <b.b.aarseth@its.uio.no>
Date:   Wed Sep 12 10:43:17 2018 +0200

    Added file to Pluto

commit d541e8818b1e75f4ef3798e99910b07c3c3ab94f
Author: Bjorn Aarseth <b.b.aarseth@its.uio.no>
Date:   Wed Sep 12 10:40:18 2018 +0200

    Created pluto and gave it facts

commit 5900d068096db1a3ca80e3e4a647102f3a46effa
Author: Bjorn Aarseth <b.b.aarseth@its.uio.no>
Date:   Wed Sep 12 10:06:32 2018 +0200

    Discuss concerns about Mars' climate for Mummy

bjornaa@pc5629 MINGW64 ~/Desktop/planets (master)
$ mkdir -p results/data

bjornaa@pc5629 MINGW64 ~/Desktop/planets (master)
$ mkdir -p results/plots

bjornaa@pc5629 MINGW64 ~/Desktop/planets (master)
$ touch results/data/d.dat

bjornaa@pc5629 MINGW64 ~/Desktop/planets (master)
$ touch results/plots/img.png

bjornaa@pc5629 MINGW64 ~/Desktop/planets (master)
$ git status
On branch master
Untracked files:
  (use "git add <file>..." to include in what will be committed)

        results/

nothing added to commit but untracked files present (use "git add" to track)

bjornaa@pc5629 MINGW64 ~/Desktop/planets (master)
$ notepad gitignore

bjornaa@pc5629 MINGW64 ~/Desktop/planets (master)
$ notepad.gitignore
bash: notepad.gitignore: command not found

bjornaa@pc5629 MINGW64 ~/Desktop/planets (master)
$ notepad .gitignore$ git status
On branch master
Changes not staged for commit:
  (use "git add <file>..." to update what will be committed)
  (use "git checkout -- <file>..." to discard changes in working directory)

        modified:   .gitignore

Untracked files:
  (use "git add <file>..." to include in what will be committed)

        results/

no changes added to commit (use "git add" and/or "git commit -a")

bjornaa@pc5629 MINGW64 ~/Desktop/planets (master)
$ add .gitignore
bash: add: command not found

bjornaa@pc5629 MINGW64 ~/Desktop/planets (master)
$ git add .gitignore /results
fatal: C:/Program Files/Git/results: 'C:/Program Files/Git/results' is outside repository

bjornaa@pc5629 MINGW64 ~/Desktop/planets (master)
$ git add .gitignore results/

bjornaa@pc5629 MINGW64 ~/Desktop/planets (master)
$ git status
On branch master
Changes to be committed:
  (use "git reset HEAD <file>..." to unstage)

        modified:   .gitignore
        new file:   results/plots/img.png


bjornaa@pc5629 MINGW64 ~/Desktop/planets (master)
$ git commit -m "add plts, ignore data"
[master 6e84a85] add plts, ignore data
 2 files changed, 3 insertions(+), 1 deletion(-)
 create mode 100644 results/plots/img.png

bjornaa@pc5629 MINGW64 ~/Desktop/planets (master)
$ pwd
/c/Users/bjornaa/Desktop/planets

bjornaa@pc5629 MINGW64 ~/Desktop/planets (master)
$ git status
On branch master
nothing to commit, working tree clean

bjornaa@pc5629 MINGW64 ~/Desktop/planets (master)

bjornaa@pc5629 MINGW64 ~/Desktop/planets (master)
$ git remote add origin https://github.com/BjornLAarseth/planets.githttps://github.com/BjornLAarseth/planets.git

bjornaa@pc5629 MINGW64 ~/Desktop/planets (master)
$ git remote -v
origin  https://github.com/BjornLAarseth/planets.githttps://github.com/BjornLAarseth/planets.git (fetch)
origin  https://github.com/BjornLAarseth/planets.githttps://github.com/BjornLAarseth/planets.git (push)

bjornaa@pc5629 MINGW64 ~/Desktop/planets (master)
$ notepad .git/config

bjornaa@pc5629 MINGW64 ~/Desktop/planets (master)
$ notepad .git/config

bjornaa@pc5629 MINGW64 ~/Desktop/planets (master)
$ git remote-v
git: 'remote-v' is not a git command. See 'git --help'.

The most similar command is
        remote-fd

bjornaa@pc5629 MINGW64 ~/Desktop/planets (master)
$ git remote -v
origin  https://github.com/BjornLAarseth/planets.git (fetch)
origin  https://github.com/BjornLAarseth/planets.git (push)

bjornaa@pc5629 MINGW64 ~/Desktop/planets (master)
$ git push origin master
Enumerating objects: 27, done.
Counting objects: 100% (27/27), done.
Delta compression using up to 4 threads.
Compressing objects: 100% (16/16), done.
Writing objects: 100% (27/27), 2.46 KiB | 180.00 KiB/s, done.
Total 27 (delta 1), reused 0 (delta 0)
remote: Resolving deltas: 100% (1/1), done.
remote:
remote: Create a pull request for 'master' on GitHub by visiting:
remote:      https://github.com/BjornLAarseth/planets/pull/new/master
remote:
To https://github.com/BjornLAarseth/planets.git
 * [new branch]      master -> master

bjornaa@pc5629 MINGW64 ~/Desktop/planets (master)
$ git log --oneline
6e84a85 (HEAD -> master, origin/master) add plts, ignore data
e17453a minor changes in .gitignore
a550e29 Igoring files added
a94e981 Stating the badness of things
4faa7d4 Added file to Pluto
d541e88 Created pluto and gave it facts
5900d06 Discuss concerns about Mars' climate for Mummy
6066ce8  Start notes on mars as a base

bjornaa@pc5629 MINGW64 ~/Desktop/planets (master)
$ git diff 5900d06..6066ce8 mars.txt
diff --git a/mars.txt b/mars.txt
index 0edbea8..4507aa7 100644
--- a/mars.txt
+++ b/mars.txt
@@ -1,3 +1 @@
-Mars is cold and dry, but everything is my favourite color
-But the two moons may be a problem for Wolfman
-But the Mummy will appreciate the lack of humidity
\ No newline at end of file
+Mars is cold

bjornaa@pc5629 MINGW64 ~/Desktop/planets (master)
$ git clone https://github.com/chriseiffert/planets.git ~/Desktop/chriseiffert-planets
Cloning into 'C:/Users/bjornaa/Desktop/chriseiffert-planets'...
remote: Counting objects: 15, done.
remote: Compressing objects: 100% (10/10), done.
remote: Total 15 (delta 1), reused 15 (delta 1), pack-reused 0
Unpacking objects: 100% (15/15), done.

bjornaa@pc5629 MINGW64 ~/Desktop/planets (master)
$ cd ..

bjornaa@pc5629 MINGW64 ~/Desktop
$ ls
chriseiffert-planets/  desktop.ini  planets/  Real-moro.docx

bjornaa@pc5629 MINGW64 ~/Desktop
$ cd chriseiffert-planets/

bjornaa@pc5629 MINGW64 ~/Desktop/chriseiffert-planets (master)
$ notepad venus.txt

bjornaa@pc5629 MINGW64 ~/Desktop/chriseiffert-planets (master)
$ git add pluto.txt

bjornaa@pc5629 MINGW64 ~/Desktop/chriseiffert-planets (master)
$ git commit -m "Add notes about Pluto"
On branch master
Your branch is up to date with 'origin/master'.

Untracked files:
        venus.txt

nothing added to commit but untracked files present

bjornaa@pc5629 MINGW64 ~/Desktop/chriseiffert-planets (master)
$ git add venus.txt

bjornaa@pc5629 MINGW64 ~/Desktop/chriseiffert-planets (master)
$ git commit -m "Add notes about Venus"
[master 6895dff] Add notes about Venus
 1 file changed, 1 insertion(+)
 create mode 100644 venus.txt

bjornaa@pc5629 MINGW64 ~/Desktop/chriseiffert-planets (master)
$ git diff

bjornaa@pc5629 MINGW64 ~/Desktop/chriseiffert-planets (master)
$ git diff --staged

bjornaa@pc5629 MINGW64 ~/Desktop/chriseiffert-planets (master)
$ git remote -v
origin  https://github.com/chriseiffert/planets.git (fetch)
origin  https://github.com/chriseiffert/planets.git (push)

bjornaa@pc5629 MINGW64 ~/Desktop/chriseiffert-planets (master)
$ git push origin master
Enumerating objects: 4, done.
Counting objects: 100% (4/4), done.
Delta compression using up to 4 threads.
Compressing objects: 100% (2/2), done.
Writing objects: 100% (3/3), 330 bytes | 330.00 KiB/s, done.
Total 3 (delta 0), reused 0 (delta 0)
To https://github.com/chriseiffert/planets.git
   3cf9b68..6895dff  master -> master

bjornaa@pc5629 MINGW64 ~/Desktop/chriseiffert-planets (master)
$ git log --oneline
6895dff (HEAD -> master, origin/master, origin/HEAD) Add notes about Venus
3cf9b68 Added comment
5911749 Starting considerations on pluto
87cbf1a add concerns climate for mummy
969209a add concerns abouteffects of mars moons on wolfman
b250bbb Start notes on mars as a base

bjornaa@pc5629 MINGW64 ~/Desktop/chriseiffert-planets (master)
$ ls
mars.txt  pluto.txt  venus.txt

bjornaa@pc5629 MINGW64 ~/Desktop/chriseiffert-planets (master)
$ ls -a
./  ../  .git/  mars.txt  pluto.txt  venus.txt

bjornaa@pc5629 MINGW64 ~/Desktop/chriseiffert-planets (master)
$ git log --oneline
6895dff (HEAD -> master, origin/master, origin/HEAD) Add notes about Venus
3cf9b68 Added comment
5911749 Starting considerations on pluto
87cbf1a add concerns climate for mummy
969209a add concerns abouteffects of mars moons on wolfman
b250bbb Start notes on mars as a base

bjornaa@pc5629 MINGW64 ~/Desktop/chriseiffert-planets (master)
$ git remote -v
origin  https://github.com/chriseiffert/planets.git (fetch)
origin  https://github.com/chriseiffert/planets.git (push)

bjornaa@pc5629 MINGW64 ~/Desktop/chriseiffert-planets (master)
$ git status
On branch master
Your branch is up to date with 'origin/master'.

nothing to commit,n

bjornaa@pc5629 MINGW64 ~/Desktop/chriseiffert-planets (master)
$ git pull origin master
From https://github.com/chriseiffert/planets
 * branch            master     -> FETCH_HEAD
Already up to date.

